------------------------------------------------------------
TimeQuest Timing Analyzer Summary
------------------------------------------------------------

Type  : Slow 1200mV 85C Model Setup 'avconf:avc|LUT_INDEX[1]'
Slack : -3.783
TNS   : -54.911

Type  : Slow 1200mV 85C Model Setup 'avconf:avc|mI2C_CTRL_CLK'
Slack : -3.028
TNS   : -122.670

Type  : Slow 1200mV 85C Model Setup 'CLOCK_50'
Slack : -1.431
TNS   : -1.431

Type  : Slow 1200mV 85C Model Setup 'p1|altpll_component|pll|clk[2]'
Slack : 8.964
TNS   : 0.000

Type  : Slow 1200mV 85C Model Hold 'CLOCK_50'
Slack : 0.344
TNS   : 0.000

Type  : Slow 1200mV 85C Model Hold 'avconf:avc|mI2C_CTRL_CLK'
Slack : 0.402
TNS   : 0.000

Type  : Slow 1200mV 85C Model Hold 'avconf:avc|LUT_INDEX[1]'
Slack : 0.426
TNS   : 0.000

Type  : Slow 1200mV 85C Model Hold 'p1|altpll_component|pll|clk[2]'
Slack : 0.443
TNS   : 0.000

Type  : Slow 1200mV 85C Model Recovery 'p1|altpll_component|pll|clk[2]'
Slack : 13.783
TNS   : 0.000

Type  : Slow 1200mV 85C Model Removal 'p1|altpll_component|pll|clk[2]'
Slack : 5.019
TNS   : 0.000

Type  : Slow 1200mV 85C Model Minimum Pulse Width 'avconf:avc|mI2C_CTRL_CLK'
Slack : -1.285
TNS   : -74.530

Type  : Slow 1200mV 85C Model Minimum Pulse Width 'avconf:avc|LUT_INDEX[1]'
Slack : 0.336
TNS   : 0.000

Type  : Slow 1200mV 85C Model Minimum Pulse Width 'CLOCK_50'
Slack : 9.630
TNS   : 0.000

Type  : Slow 1200mV 85C Model Minimum Pulse Width 'p1|altpll_component|pll|clk[2]'
Slack : 19.708
TNS   : 0.000

Type  : Slow 1200mV 0C Model Setup 'avconf:avc|LUT_INDEX[1]'
Slack : -3.453
TNS   : -50.128

Type  : Slow 1200mV 0C Model Setup 'avconf:avc|mI2C_CTRL_CLK'
Slack : -2.664
TNS   : -108.777

Type  : Slow 1200mV 0C Model Setup 'CLOCK_50'
Slack : -1.255
TNS   : -1.255

Type  : Slow 1200mV 0C Model Setup 'p1|altpll_component|pll|clk[2]'
Slack : 9.972
TNS   : 0.000

Type  : Slow 1200mV 0C Model Hold 'CLOCK_50'
Slack : 0.351
TNS   : 0.000

Type  : Slow 1200mV 0C Model Hold 'avconf:avc|mI2C_CTRL_CLK'
Slack : 0.353
TNS   : 0.000

Type  : Slow 1200mV 0C Model Hold 'p1|altpll_component|pll|clk[2]'
Slack : 0.401
TNS   : 0.000

Type  : Slow 1200mV 0C Model Hold 'avconf:avc|LUT_INDEX[1]'
Slack : 0.441
TNS   : 0.000

Type  : Slow 1200mV 0C Model Recovery 'p1|altpll_component|pll|clk[2]'
Slack : 14.450
TNS   : 0.000

Type  : Slow 1200mV 0C Model Removal 'p1|altpll_component|pll|clk[2]'
Slack : 4.445
TNS   : 0.000

Type  : Slow 1200mV 0C Model Minimum Pulse Width 'avconf:avc|mI2C_CTRL_CLK'
Slack : -1.285
TNS   : -74.530

Type  : Slow 1200mV 0C Model Minimum Pulse Width 'avconf:avc|LUT_INDEX[1]'
Slack : 0.337
TNS   : 0.000

Type  : Slow 1200mV 0C Model Minimum Pulse Width 'CLOCK_50'
Slack : 9.649
TNS   : 0.000

Type  : Slow 1200mV 0C Model Minimum Pulse Width 'p1|altpll_component|pll|clk[2]'
Slack : 19.710
TNS   : 0.000

Type  : Fast 1200mV 0C Model Setup 'avconf:avc|LUT_INDEX[1]'
Slack : -1.383
TNS   : -19.284

Type  : Fast 1200mV 0C Model Setup 'avconf:avc|mI2C_CTRL_CLK'
Slack : -0.968
TNS   : -30.190

Type  : Fast 1200mV 0C Model Setup 'CLOCK_50'
Slack : -0.634
TNS   : -0.634

Type  : Fast 1200mV 0C Model Setup 'p1|altpll_component|pll|clk[2]'
Slack : 14.512
TNS   : 0.000

Type  : Fast 1200mV 0C Model Hold 'avconf:avc|LUT_INDEX[1]'
Slack : 0.035
TNS   : 0.000

Type  : Fast 1200mV 0C Model Hold 'avconf:avc|mI2C_CTRL_CLK'
Slack : 0.115
TNS   : 0.000

Type  : Fast 1200mV 0C Model Hold 'CLOCK_50'
Slack : 0.138
TNS   : 0.000

Type  : Fast 1200mV 0C Model Hold 'p1|altpll_component|pll|clk[2]'
Slack : 0.196
TNS   : 0.000

Type  : Fast 1200mV 0C Model Recovery 'p1|altpll_component|pll|clk[2]'
Slack : 16.608
TNS   : 0.000

Type  : Fast 1200mV 0C Model Removal 'p1|altpll_component|pll|clk[2]'
Slack : 2.506
TNS   : 0.000

Type  : Fast 1200mV 0C Model Minimum Pulse Width 'avconf:avc|mI2C_CTRL_CLK'
Slack : -1.000
TNS   : -58.000

Type  : Fast 1200mV 0C Model Minimum Pulse Width 'avconf:avc|LUT_INDEX[1]'
Slack : 0.417
TNS   : 0.000

Type  : Fast 1200mV 0C Model Minimum Pulse Width 'CLOCK_50'
Slack : 9.375
TNS   : 0.000

Type  : Fast 1200mV 0C Model Minimum Pulse Width 'p1|altpll_component|pll|clk[2]'
Slack : 19.752
TNS   : 0.000

------------------------------------------------------------
