------------------------------------------------------------
TimeQuest Timing Analyzer Summary
------------------------------------------------------------

Type  : Slow 1200mV 85C Model Setup 'avconf:avc|LUT_INDEX[1]'
Slack : -3.477
TNS   : -48.559

Type  : Slow 1200mV 85C Model Setup 'avconf:avc|mI2C_CTRL_CLK'
Slack : -2.932
TNS   : -121.704

Type  : Slow 1200mV 85C Model Setup 'CLOCK_50'
Slack : -1.313
TNS   : -1.313

Type  : Slow 1200mV 85C Model Setup 'p1|altpll_component|pll|clk[2]'
Slack : 7.871
TNS   : 0.000

Type  : Slow 1200mV 85C Model Hold 'avconf:avc|mI2C_CTRL_CLK'
Slack : 0.295
TNS   : 0.000

Type  : Slow 1200mV 85C Model Hold 'CLOCK_50'
Slack : 0.365
TNS   : 0.000

Type  : Slow 1200mV 85C Model Hold 'p1|altpll_component|pll|clk[2]'
Slack : 0.440
TNS   : 0.000

Type  : Slow 1200mV 85C Model Hold 'avconf:avc|LUT_INDEX[1]'
Slack : 0.572
TNS   : 0.000

Type  : Slow 1200mV 85C Model Recovery 'CLOCK_50'
Slack : 12.992
TNS   : 0.000

Type  : Slow 1200mV 85C Model Recovery 'p1|altpll_component|pll|clk[2]'
Slack : 13.212
TNS   : 0.000

Type  : Slow 1200mV 85C Model Removal 'CLOCK_50'
Slack : 4.384
TNS   : 0.000

Type  : Slow 1200mV 85C Model Removal 'p1|altpll_component|pll|clk[2]'
Slack : 5.080
TNS   : 0.000

Type  : Slow 1200mV 85C Model Minimum Pulse Width 'avconf:avc|mI2C_CTRL_CLK'
Slack : -1.285
TNS   : -74.530

Type  : Slow 1200mV 85C Model Minimum Pulse Width 'avconf:avc|LUT_INDEX[1]'
Slack : 0.430
TNS   : 0.000

Type  : Slow 1200mV 85C Model Minimum Pulse Width 'CLOCK_50'
Slack : 9.622
TNS   : 0.000

Type  : Slow 1200mV 85C Model Minimum Pulse Width 'p1|altpll_component|pll|clk[2]'
Slack : 19.710
TNS   : 0.000

Type  : Slow 1200mV 0C Model Setup 'avconf:avc|LUT_INDEX[1]'
Slack : -3.160
TNS   : -44.472

Type  : Slow 1200mV 0C Model Setup 'avconf:avc|mI2C_CTRL_CLK'
Slack : -2.616
TNS   : -106.999

Type  : Slow 1200mV 0C Model Setup 'CLOCK_50'
Slack : -1.190
TNS   : -1.190

Type  : Slow 1200mV 0C Model Setup 'p1|altpll_component|pll|clk[2]'
Slack : 8.769
TNS   : 0.000

Type  : Slow 1200mV 0C Model Hold 'avconf:avc|mI2C_CTRL_CLK'
Slack : 0.309
TNS   : 0.000

Type  : Slow 1200mV 0C Model Hold 'CLOCK_50'
Slack : 0.354
TNS   : 0.000

Type  : Slow 1200mV 0C Model Hold 'p1|altpll_component|pll|clk[2]'
Slack : 0.403
TNS   : 0.000

Type  : Slow 1200mV 0C Model Hold 'avconf:avc|LUT_INDEX[1]'
Slack : 0.576
TNS   : 0.000

Type  : Slow 1200mV 0C Model Recovery 'CLOCK_50'
Slack : 13.638
TNS   : 0.000

Type  : Slow 1200mV 0C Model Recovery 'p1|altpll_component|pll|clk[2]'
Slack : 13.979
TNS   : 0.000

Type  : Slow 1200mV 0C Model Removal 'CLOCK_50'
Slack : 3.955
TNS   : 0.000

Type  : Slow 1200mV 0C Model Removal 'p1|altpll_component|pll|clk[2]'
Slack : 4.532
TNS   : 0.000

Type  : Slow 1200mV 0C Model Minimum Pulse Width 'avconf:avc|mI2C_CTRL_CLK'
Slack : -1.285
TNS   : -74.530

Type  : Slow 1200mV 0C Model Minimum Pulse Width 'avconf:avc|LUT_INDEX[1]'
Slack : 0.431
TNS   : 0.000

Type  : Slow 1200mV 0C Model Minimum Pulse Width 'CLOCK_50'
Slack : 9.646
TNS   : 0.000

Type  : Slow 1200mV 0C Model Minimum Pulse Width 'p1|altpll_component|pll|clk[2]'
Slack : 19.711
TNS   : 0.000

Type  : Fast 1200mV 0C Model Setup 'avconf:avc|LUT_INDEX[1]'
Slack : -1.256
TNS   : -15.973

Type  : Fast 1200mV 0C Model Setup 'avconf:avc|mI2C_CTRL_CLK'
Slack : -0.939
TNS   : -29.649

Type  : Fast 1200mV 0C Model Setup 'CLOCK_50'
Slack : -0.491
TNS   : -0.491

Type  : Fast 1200mV 0C Model Setup 'p1|altpll_component|pll|clk[2]'
Slack : 13.883
TNS   : 0.000

Type  : Fast 1200mV 0C Model Hold 'avconf:avc|mI2C_CTRL_CLK'
Slack : 0.049
TNS   : 0.000

Type  : Fast 1200mV 0C Model Hold 'avconf:avc|LUT_INDEX[1]'
Slack : 0.109
TNS   : 0.000

Type  : Fast 1200mV 0C Model Hold 'CLOCK_50'
Slack : 0.154
TNS   : 0.000

Type  : Fast 1200mV 0C Model Hold 'p1|altpll_component|pll|clk[2]'
Slack : 0.191
TNS   : 0.000

Type  : Fast 1200mV 0C Model Recovery 'CLOCK_50'
Slack : 16.283
TNS   : 0.000

Type  : Fast 1200mV 0C Model Recovery 'p1|altpll_component|pll|clk[2]'
Slack : 16.283
TNS   : 0.000

Type  : Fast 1200mV 0C Model Removal 'CLOCK_50'
Slack : 2.228
TNS   : 0.000

Type  : Fast 1200mV 0C Model Removal 'p1|altpll_component|pll|clk[2]'
Slack : 2.546
TNS   : 0.000

Type  : Fast 1200mV 0C Model Minimum Pulse Width 'avconf:avc|mI2C_CTRL_CLK'
Slack : -1.000
TNS   : -58.000

Type  : Fast 1200mV 0C Model Minimum Pulse Width 'avconf:avc|LUT_INDEX[1]'
Slack : 0.447
TNS   : 0.000

Type  : Fast 1200mV 0C Model Minimum Pulse Width 'CLOCK_50'
Slack : 9.372
TNS   : 0.000

Type  : Fast 1200mV 0C Model Minimum Pulse Width 'p1|altpll_component|pll|clk[2]'
Slack : 19.750
TNS   : 0.000

------------------------------------------------------------
