------------------------------------------------------------
TimeQuest Timing Analyzer Summary
------------------------------------------------------------

Type  : Slow 1200mV 85C Model Setup 'avconf:avc|mI2C_CTRL_CLK'
Slack : -4.528
TNS   : -175.611

Type  : Slow 1200mV 85C Model Setup 'avconf:avc|LUT_INDEX[1]'
Slack : -3.657
TNS   : -53.884

Type  : Slow 1200mV 85C Model Setup 'CLOCK_50'
Slack : -1.289
TNS   : -1.289

Type  : Slow 1200mV 85C Model Setup 'p1|altpll_component|pll|clk[2]'
Slack : 7.383
TNS   : 0.000

Type  : Slow 1200mV 85C Model Hold 'avconf:avc|LUT_INDEX[1]'
Slack : 0.253
TNS   : 0.000

Type  : Slow 1200mV 85C Model Hold 'CLOCK_50'
Slack : 0.349
TNS   : 0.000

Type  : Slow 1200mV 85C Model Hold 'avconf:avc|mI2C_CTRL_CLK'
Slack : 0.403
TNS   : 0.000

Type  : Slow 1200mV 85C Model Hold 'p1|altpll_component|pll|clk[2]'
Slack : 0.442
TNS   : 0.000

Type  : Slow 1200mV 85C Model Recovery 'p1|altpll_component|pll|clk[2]'
Slack : 12.995
TNS   : 0.000

Type  : Slow 1200mV 85C Model Removal 'p1|altpll_component|pll|clk[2]'
Slack : 3.442
TNS   : 0.000

Type  : Slow 1200mV 85C Model Minimum Pulse Width 'avconf:avc|mI2C_CTRL_CLK'
Slack : -1.285
TNS   : -75.815

Type  : Slow 1200mV 85C Model Minimum Pulse Width 'avconf:avc|LUT_INDEX[1]'
Slack : 0.441
TNS   : 0.000

Type  : Slow 1200mV 85C Model Minimum Pulse Width 'CLOCK_50'
Slack : 9.556
TNS   : 0.000

Type  : Slow 1200mV 85C Model Minimum Pulse Width 'p1|altpll_component|pll|clk[2]'
Slack : 19.704
TNS   : 0.000

Type  : Slow 1200mV 0C Model Setup 'avconf:avc|mI2C_CTRL_CLK'
Slack : -4.105
TNS   : -159.721

Type  : Slow 1200mV 0C Model Setup 'avconf:avc|LUT_INDEX[1]'
Slack : -3.426
TNS   : -49.941

Type  : Slow 1200mV 0C Model Setup 'CLOCK_50'
Slack : -1.152
TNS   : -1.152

Type  : Slow 1200mV 0C Model Setup 'p1|altpll_component|pll|clk[2]'
Slack : 8.336
TNS   : 0.000

Type  : Slow 1200mV 0C Model Hold 'avconf:avc|LUT_INDEX[1]'
Slack : 0.289
TNS   : 0.000

Type  : Slow 1200mV 0C Model Hold 'avconf:avc|mI2C_CTRL_CLK'
Slack : 0.354
TNS   : 0.000

Type  : Slow 1200mV 0C Model Hold 'CLOCK_50'
Slack : 0.355
TNS   : 0.000

Type  : Slow 1200mV 0C Model Hold 'p1|altpll_component|pll|clk[2]'
Slack : 0.399
TNS   : 0.000

Type  : Slow 1200mV 0C Model Recovery 'p1|altpll_component|pll|clk[2]'
Slack : 13.742
TNS   : 0.000

Type  : Slow 1200mV 0C Model Removal 'p1|altpll_component|pll|clk[2]'
Slack : 3.065
TNS   : 0.000

Type  : Slow 1200mV 0C Model Minimum Pulse Width 'avconf:avc|mI2C_CTRL_CLK'
Slack : -1.285
TNS   : -75.815

Type  : Slow 1200mV 0C Model Minimum Pulse Width 'avconf:avc|LUT_INDEX[1]'
Slack : 0.439
TNS   : 0.000

Type  : Slow 1200mV 0C Model Minimum Pulse Width 'CLOCK_50'
Slack : 9.561
TNS   : 0.000

Type  : Slow 1200mV 0C Model Minimum Pulse Width 'p1|altpll_component|pll|clk[2]'
Slack : 19.705
TNS   : 0.000

Type  : Fast 1200mV 0C Model Setup 'avconf:avc|mI2C_CTRL_CLK'
Slack : -1.668
TNS   : -57.230

Type  : Fast 1200mV 0C Model Setup 'avconf:avc|LUT_INDEX[1]'
Slack : -1.313
TNS   : -18.294

Type  : Fast 1200mV 0C Model Setup 'CLOCK_50'
Slack : -0.497
TNS   : -0.497

Type  : Fast 1200mV 0C Model Setup 'p1|altpll_component|pll|clk[2]'
Slack : 13.586
TNS   : 0.000

Type  : Fast 1200mV 0C Model Hold 'avconf:avc|LUT_INDEX[1]'
Slack : 0.003
TNS   : 0.000

Type  : Fast 1200mV 0C Model Hold 'CLOCK_50'
Slack : 0.147
TNS   : 0.000

Type  : Fast 1200mV 0C Model Hold 'avconf:avc|mI2C_CTRL_CLK'
Slack : 0.182
TNS   : 0.000

Type  : Fast 1200mV 0C Model Hold 'p1|altpll_component|pll|clk[2]'
Slack : 0.199
TNS   : 0.000

Type  : Fast 1200mV 0C Model Recovery 'p1|altpll_component|pll|clk[2]'
Slack : 16.209
TNS   : 0.000

Type  : Fast 1200mV 0C Model Removal 'p1|altpll_component|pll|clk[2]'
Slack : 1.663
TNS   : 0.000

Type  : Fast 1200mV 0C Model Minimum Pulse Width 'avconf:avc|mI2C_CTRL_CLK'
Slack : -1.000
TNS   : -59.000

Type  : Fast 1200mV 0C Model Minimum Pulse Width 'avconf:avc|LUT_INDEX[1]'
Slack : 0.417
TNS   : 0.000

Type  : Fast 1200mV 0C Model Minimum Pulse Width 'CLOCK_50'
Slack : 9.202
TNS   : 0.000

Type  : Fast 1200mV 0C Model Minimum Pulse Width 'p1|altpll_component|pll|clk[2]'
Slack : 19.760
TNS   : 0.000

------------------------------------------------------------
